// Jest Snapshot v1, https://goo.gl/fbAQLP

exports[`<Logo /> should render Logo properly 1`] = `
<p
  class="fr-logo"
>
  Ministère de
  <br />
  l'enseignement
  <br />
  supérieur et de
  <br />
  la recherche
</p>
`;
